Microchip MPLAB XC8 Compiler V2.10 ()

Linker command line:

-W-3 --edf=C:\Program Files (x86)\Microchip\xc8\v2.10\pic\dat\en_msgs.txt \
  -cs -h+dist/default/production\Laboratorio2.X.production.sym \
  --cmf=dist/default/production\Laboratorio2.X.production.cmf -z -Q16F887 \
  -oC:\Users\DANIEL~1\AppData\Local\Temp\sc5g.2 --defsym=__MPLAB_BUILD=1 \
  -Mdist/default/production/Laboratorio2.X.production.map -E1 -ver=XC8 \
  --acfsm=1493 -ASTACK=0110h-016Fh -pstack=STACK -ACODE=00h-07FFhx4 \
  -ASTRCODE=00h-01FFFh -ASTRING=00h-0FFhx32 -ACONST=00h-0FFhx32 \
  -AENTRY=00h-0FFhx32 -ACOMMON=070h-07Fh -ABANK0=020h-06Fh \
  -ABANK1=0A0h-0EFh -ABANK2=0110h-016Fh -ABANK3=0190h-01EFh \
  -ARAM=020h-06Fh,0A0h-0EFh,0110h-016Fh,0190h-01EFh \
  -AABS1=020h-07Fh,0A0h-0EFh,0110h-016Fh,0190h-01EFh -ASFR0=00h-01Fh \
  -ASFR1=080h-09Fh -ASFR2=0100h-010Fh -ASFR3=0180h-018Fh \
  -preset_vec=00h,intentry=04h,init,end_init -ppowerup=CODE -pcinit=CODE \
  -pfunctab=ENTRY -ACONFIG=02007h-02008h -pconfig=CONFIG -DCONFIG=2 \
  -AIDLOC=02000h-02003h -pidloc=IDLOC -DIDLOC=2 -AEEDATA=00h-0FFh/02100h \
  -peeprom_data=EEDATA -DEEDATA=2 -DCODE=2 -DSTRCODE=2 -DSTRING=2 -DCONST=2 \
  -DENTRY=2 -k C:\Users\DANIEL~1\AppData\Local\Temp\sc5g.o \
  dist/default/production\Laboratorio2.X.production.o 

Object code version is 3.11

Machine type is 16F887



                Name                               Link     Load   Length Selector   Space Scale
C:\Users\DANIEL~1\AppData\Local\Temp\sc5g.o
                end_init                              E        E        3        8       0
                reset_vec                             0        0        3        0       0
                config                             2007     2007        2     400E       0
dist/default/production\Laboratorio2.X.production.o
                cinit                                11       11        E        8       0
                intentry                              4        4        A        8       0
                text8                               131      131       ED        8       0
                text7                               21E      21E       53        8       0
                text6                               323      323        8        8       0
                text5                               2AC      2AC       3B        8       0
                text4                               2E7      2E7       26        8       0
                text3                                1F       1F      112        8       0
                text2                               31A      31A        9        8       0
                text1                               30D      30D        D        8       0
                maintext                            271      271       3B        8       0
                cstackBANK0                          20       20        4       20       1
                cstackCOMMON                         70       70        8       70       1
                bssBANK0                             24       24        2       20       1
                bssCOMMON                            78       78        6       70       1

TOTAL           Name                               Link     Load   Length     Space
        CLASS   STACK          

        CLASS   CODE           
                end_init                              E        E        3         0
                cinit                                11       11        E         0
                intentry                              4        4        A         0
                reset_vec                             0        0        3         0
                text8                               131      131       ED         0
                text7                               21E      21E       53         0
                text6                               323      323        8         0
                text5                               2AC      2AC       3B         0
                text4                               2E7      2E7       26         0
                text3                                1F       1F      112         0
                text2                               31A      31A        9         0
                text1                               30D      30D        D         0
                maintext                            271      271       3B         0

        CLASS   STRCODE        

        CLASS   STRING         

        CLASS   CONST          

        CLASS   ENTRY          

        CLASS   COMMON         
                cstackCOMMON                         70       70        8         1
                bssCOMMON                            78       78        6         1

        CLASS   BANK0          
                cstackBANK0                          20       20        4         1
                bssBANK0                             24       24        2         1

        CLASS   BANK1          

        CLASS   BANK2          

        CLASS   BANK3          

        CLASS   RAM            

        CLASS   ABS1           
                abs_s1                               7E       7E        2         1

        CLASS   SFR0           

        CLASS   SFR1           

        CLASS   SFR2           

        CLASS   SFR3           

        CLASS   CONFIG         
                config                             2007     2007        2         0

        CLASS   IDLOC          

        CLASS   EEDATA         



SEGMENTS        Name                           Load    Length   Top    Selector   Space  Class     Delta

                reset_vec                      000000  000003  000003         0       0  CODE        2
                intentry                       000004  000327  00032B         8       0  CODE        2
                cstackBANK0                    000020  000006  000026        20       1  BANK0       1
                cstackCOMMON                   000070  00000E  00007E        70       1  COMMON      1
                config                         002007  000002  002009      400E       0  CONFIG      2


UNUSED ADDRESS RANGES

        Name                Unused          Largest block    Delta
        BANK0            0026-006F             4A           1
        BANK1            00A0-00EF             50           1
        BANK2            0110-016F             60           1
        BANK3            0190-01EF             60           1
        CODE             0003-0003              1           2
                         032B-1FFF            800
        CONST            0003-0003              1           2
                         032B-1FFF            100
        EEDATA           2100-21FF            100           2
        ENTRY            0003-0003              1           2
                         032B-1FFF            100
        IDLOC            2000-2003              4           2
        RAM              0026-006F             4A           1
                         00A0-00EF             50
                         0110-016F             60
                         0190-01EF             60
        SFR0             0000-001F             20           1
        SFR1             0080-009F             20           1
        SFR2             0100-010F             10           1
        SFR3             0180-018F             10           1
        STACK            0110-016F             60           1
        STRCODE          0003-0003              1           2
                         032B-1FFF           1CD5
        STRING           0003-0003              1           2
                         032B-1FFF            100

                                  Symbol Table

ADC_CONFIG@canal          cstackBANK0  0023
ADC_CONFIG@justif         cstackBANK0  0020
SEG@val                   cstackCOMMON 0072
_ADCON0bits               (abs)        001F
_ADCON1bits               (abs)        009F
_ADC_CONFIG               text3        001F
_ADC_INTERRUPT            text2        031A
_ADRESH                   (abs)        001E
_ADRESL                   (abs)        009E
_AH                       bssCOMMON    0079
_AHL                      bssCOMMON    0078
_AHM                      bssBANK0     0024
_AL                       bssCOMMON    007A
_ANSEL                    (abs)        0188
_ANSELH                   (abs)        0189
_ANSELHbits               (abs)        0189
_ANSELbits                (abs)        0188
_AR1                      bssCOMMON    007C
_AR2                      bssCOMMON    007B
_INTCONbits               (abs)        000B
_IOCBbits                 (abs)        0096
_ISR                      text4        02E7
_InitTimer0               text1        030D
_Interrupt                text7        021E
_OPTION_REG               (abs)        0081
_OPTION_REGbits           (abs)        0081
_OSCCONbits               (abs)        008F
_PIE1bits                 (abs)        008C
_PIR1bits                 (abs)        000C
_PORTAbits                (abs)        0005
_PORTBbits                (abs)        0006
_PORTC                    (abs)        0007
_PORTCbits                (abs)        0007
_PORTD                    (abs)        0008
_SEG                      text8        0131
_TMR0                     (abs)        0001
_TRISAbits                (abs)        0085
_TRISBbits                (abs)        0086
_TRISC                    (abs)        0087
_TRISD                    (abs)        0088
_TRISEbits                (abs)        0089
_WPUBbits                 (abs)        0095
__CFG_BOR4V$BOR40V        (abs)        0000
__CFG_BOREN$OFF           (abs)        0000
__CFG_CP$OFF              (abs)        0000
__CFG_CPD$OFF             (abs)        0000
__CFG_FCMEN$OFF           (abs)        0000
__CFG_FOSC$INTRC_NOCLKOUT (abs)        0000
__CFG_IESO$OFF            (abs)        0000
__CFG_LVP$OFF             (abs)        0000
__CFG_MCLRE$OFF           (abs)        0000
__CFG_PWRTE$OFF           (abs)        0000
__CFG_WDTE$OFF            (abs)        0000
__CFG_WRT$OFF             (abs)        0000
__Habs1                   abs1         0000
__Hbank0                  bank0        0000
__Hbank1                  bank1        0000
__Hbank2                  bank2        0000
__Hbank3                  bank3        0000
__HbssBANK0               bssBANK0     0000
__HbssCOMMON              bssCOMMON    0000
__Hcinit                  cinit        001F
__Hclrtext                clrtext      0000
__Hcode                   code         0000
__Hcommon                 common       0000
__Hconfig                 config       2009
__HcstackBANK0            cstackBANK0  0000
__HcstackCOMMON           cstackCOMMON 0000
__Heeprom_data            eeprom_data  0000
__Hend_init               end_init     0011
__Hfunctab                functab      0000
__Hidloc                  idloc        0000
__Hinit                   init         000E
__Hintentry               intentry     000E
__Hmaintext               maintext     0000
__Hpowerup                powerup      0000
__Hram                    ram          0000
__Hreset_vec              reset_vec    0003
__Hsfr0                   sfr0         0000
__Hsfr1                   sfr1         0000
__Hsfr2                   sfr2         0000
__Hsfr3                   sfr3         0000
__Hspace_0                (abs)        2009
__Hspace_1                (abs)        007E
__Hspace_2                (abs)        0000
__Hspace_3                (abs)        0000
__Hstack                  stack        0000
__Hstrings                strings      0000
__Htext                   text         0000
__Labs1                   abs1         0000
__Lbank0                  bank0        0000
__Lbank1                  bank1        0000
__Lbank2                  bank2        0000
__Lbank3                  bank3        0000
__LbssBANK0               bssBANK0     0000
__LbssCOMMON              bssCOMMON    0000
__Lcinit                  cinit        0011
__Lclrtext                clrtext      0000
__Lcode                   code         0000
__Lcommon                 common       0000
__Lconfig                 config       2007
__LcstackBANK0            cstackBANK0  0000
__LcstackCOMMON           cstackCOMMON 0000
__Leeprom_data            eeprom_data  0000
__Lend_init               end_init     000E
__Lfunctab                functab      0000
__Lidloc                  idloc        0000
__Linit                   init         000E
__Lintentry               intentry     0004
__Lmaintext               maintext     0000
__Lpowerup                powerup      0000
__Lram                    ram          0000
__Lreset_vec              reset_vec    0000
__Lsfr0                   sfr0         0000
__Lsfr1                   sfr1         0000
__Lsfr2                   sfr2         0000
__Lsfr3                   sfr3         0000
__Lspace_0                (abs)        0000
__Lspace_1                (abs)        0000
__Lspace_2                (abs)        0000
__Lspace_3                (abs)        0000
__Lstack                  stack        0000
__Lstrings                strings      0000
__Ltext                   text         0000
__S0                      (abs)        2009
__S1                      (abs)        007E
__S2                      (abs)        0000
__S3                      (abs)        0000
___int_sp                 stack        0000
___latbits                (abs)        0002
___sp                     stack        0000
___stackhi                (abs)        0000
___stacklo                (abs)        0000
__end_of_ADC_CONFIG       text3        0131
__end_of_ADC_INTERRUPT    text2        0323
__end_of_ISR              text4        030D
__end_of_InitTimer0       text1        031A
__end_of_Interrupt        text7        0271
__end_of_SEG              text8        021E
__end_of__initialization  cinit        001B
__end_of_adc              text6        032B
__end_of_botones          text5        02E7
__end_of_main             maintext     02AC
__initialization          cinit        0011
__pbssBANK0               bssBANK0     0024
__pbssCOMMON              bssCOMMON    0078
__pcstackBANK0            cstackBANK0  0020
__pcstackCOMMON           cstackCOMMON 0070
__pintentry               intentry     0004
__pmaintext               maintext     0271
__ptext1                  text1        030D
__ptext2                  text2        031A
__ptext3                  text3        001F
__ptext4                  text4        02E7
__ptext5                  text5        02AC
__ptext6                  text6        0323
__ptext7                  text7        021E
__ptext8                  text8        0131
__size_of_ADC_CONFIG      (abs)        0000
__size_of_ADC_INTERRUPT   (abs)        0000
__size_of_ISR             (abs)        0000
__size_of_InitTimer0      (abs)        0000
__size_of_Interrupt       (abs)        0000
__size_of_SEG             (abs)        0000
__size_of_adc             (abs)        0000
__size_of_botones         (abs)        0000
__size_of_main            (abs)        0000
_adc                      text6        0323
_botones                  text5        02AC
_cont                     bssCOMMON    007D
_main                     maintext     0271
btemp                     (abs)        007E
end_of_initialization     cinit        001B
interrupt_function        intentry     0004
intlevel0                 functab      0000
intlevel1                 functab      0000
intlevel2                 functab      0000
intlevel3                 functab      0000
intlevel4                 functab      0000
intlevel5                 functab      0000
reset_vec                 reset_vec    0000
saved_w                   (abs)        007E
start                     init         000E
start_initialization      cinit        0011
wtemp0                    (abs)        007E


FUNCTION INFORMATION:

 *************** function _main *****************
 Defined at:
		line 75 in file "lab2.c"
 Parameters:    Size  Location     Type
		None
 Auto vars:     Size  Location     Type
		None
 Return value:  Size  Location     Type
                  1    wreg      void 
 Registers used:
		wreg, fsr0l, fsr0h, status,2, status,0, pclath, cstack
 Tracked objects:
		On entry : 
		On exit  : 
		Unchanged: 
 Data sizes:     COMMON   BANK0   BANK1   BANK3   BANK2
      Params:         0       0       0       0       0
      Locals:         0       0       0       0       0
      Temps:          0       0       0       0       0
      Totals:         0       0       0       0       0
Total ram usage:        0 bytes
 Hardware stack levels required when called:    4
 This function calls:
		_ADC_CONFIG
		_ADC_INTERRUPT
		_InitTimer0
 This function is called by:
		Startup code after reset
 This function uses a non-reentrant model


 *************** function _InitTimer0 *****************
 Defined at:
		line 162 in file "lab2.c"
 Parameters:    Size  Location     Type
		None
 Auto vars:     Size  Location     Type
		None
 Return value:  Size  Location     Type
                  1    wreg      void 
 Registers used:
		wreg, status,2, status,0
 Tracked objects:
		On entry : 
		On exit  : 
		Unchanged: 
 Data sizes:     COMMON   BANK0   BANK1   BANK3   BANK2
      Params:         0       0       0       0       0
      Locals:         0       0       0       0       0
      Temps:          0       0       0       0       0
      Totals:         0       0       0       0       0
Total ram usage:        0 bytes
 Hardware stack levels used:    1
 Hardware stack levels required when called:    3
 This function calls:
		Nothing
 This function is called by:
		_main
 This function uses a non-reentrant model


 *************** function _ADC_INTERRUPT *****************
 Defined at:
		line 114 in file "ADC.c"
 Parameters:    Size  Location     Type
		None
 Auto vars:     Size  Location     Type
		None
 Return value:  Size  Location     Type
                  1    wreg      void 
 Registers used:
		None
 Tracked objects:
		On entry : 
		On exit  : 
		Unchanged: 
 Data sizes:     COMMON   BANK0   BANK1   BANK3   BANK2
      Params:         0       0       0       0       0
      Locals:         0       0       0       0       0
      Temps:          0       0       0       0       0
      Totals:         0       0       0       0       0
Total ram usage:        0 bytes
 Hardware stack levels used:    1
 Hardware stack levels required when called:    3
 This function calls:
		Nothing
 This function is called by:
		_main
 This function uses a non-reentrant model


 *************** function _ADC_CONFIG *****************
 Defined at:
		line 12 in file "ADC.c"
 Parameters:    Size  Location     Type
  canal           1    wreg     unsigned char 
  justif          1    0[BANK0 ] unsigned char 
 Auto vars:     Size  Location     Type
  canal           1    3[BANK0 ] unsigned char 
 Return value:  Size  Location     Type
                  1    wreg      void 
 Registers used:
		wreg, fsr0l, fsr0h, status,2, status,0
 Tracked objects:
		On entry : 
		On exit  : 
		Unchanged: 
 Data sizes:     COMMON   BANK0   BANK1   BANK3   BANK2
      Params:         0       1       0       0       0
      Locals:         0       1       0       0       0
      Temps:          0       2       0       0       0
      Totals:         0       4       0       0       0
Total ram usage:        4 bytes
 Hardware stack levels used:    1
 Hardware stack levels required when called:    3
 This function calls:
		Nothing
 This function is called by:
		_main
 This function uses a non-reentrant model


 *************** function _ISR *****************
 Defined at:
		line 62 in file "lab2.c"
 Parameters:    Size  Location     Type
		None
 Auto vars:     Size  Location     Type
		None
 Return value:  Size  Location     Type
                  1    wreg      void 
 Registers used:
		wreg, fsr0l, fsr0h, status,2, status,0, pclath, cstack
 Tracked objects:
		On entry : 
		On exit  : 
		Unchanged: 
 Data sizes:     COMMON   BANK0   BANK1   BANK3   BANK2
      Params:         0       0       0       0       0
      Locals:         0       0       0       0       0
      Temps:          3       0       0       0       0
      Totals:         3       0       0       0       0
Total ram usage:        3 bytes
 Hardware stack levels used:    1
 Hardware stack levels required when called:    2
 This function calls:
		_Interrupt
		_adc
		_botones
 This function is called by:
		Interrupt level 1
 This function uses a non-reentrant model


 *************** function _botones *****************
 Defined at:
		line 126 in file "lab2.c"
 Parameters:    Size  Location     Type
		None
 Auto vars:     Size  Location     Type
		None
 Return value:  Size  Location     Type
                  1    wreg      void 
 Registers used:
		wreg, status,2, status,0
 Tracked objects:
		On entry : 
		On exit  : 
		Unchanged: 
 Data sizes:     COMMON   BANK0   BANK1   BANK3   BANK2
      Params:         0       0       0       0       0
      Locals:         0       0       0       0       0
      Temps:          2       0       0       0       0
      Totals:         2       0       0       0       0
Total ram usage:        2 bytes
 Hardware stack levels used:    1
 This function calls:
		Nothing
 This function is called by:
		_ISR
 This function uses a non-reentrant model


 *************** function _adc *****************
 Defined at:
		line 151 in file "lab2.c"
 Parameters:    Size  Location     Type
		None
 Auto vars:     Size  Location     Type
		None
 Return value:  Size  Location     Type
                  1    wreg      void 
 Registers used:
		wreg
 Tracked objects:
		On entry : 
		On exit  : 
		Unchanged: 
 Data sizes:     COMMON   BANK0   BANK1   BANK3   BANK2
      Params:         0       0       0       0       0
      Locals:         0       0       0       0       0
      Temps:          1       0       0       0       0
      Totals:         1       0       0       0       0
Total ram usage:        1 bytes
 Hardware stack levels used:    1
 This function calls:
		Nothing
 This function is called by:
		_ISR
 This function uses a non-reentrant model


 *************** function _Interrupt *****************
 Defined at:
		line 172 in file "lab2.c"
 Parameters:    Size  Location     Type
		None
 Auto vars:     Size  Location     Type
		None
 Return value:  Size  Location     Type
                  1    wreg      void 
 Registers used:
		wreg, fsr0l, fsr0h, status,2, status,0, pclath, cstack
 Tracked objects:
		On entry : 
		On exit  : 
		Unchanged: 
 Data sizes:     COMMON   BANK0   BANK1   BANK3   BANK2
      Params:         0       0       0       0       0
      Locals:         0       0       0       0       0
      Temps:          2       0       0       0       0
      Totals:         2       0       0       0       0
Total ram usage:        2 bytes
 Hardware stack levels used:    1
 Hardware stack levels required when called:    1
 This function calls:
		_SEG
 This function is called by:
		_ISR
 This function uses a non-reentrant model


 *************** function _SEG *****************
 Defined at:
		line 19 in file "7SEGMENTOS.c"
 Parameters:    Size  Location     Type
  val             1    wreg     unsigned char 
 Auto vars:     Size  Location     Type
  val             1    2[COMMON] unsigned char 
 Return value:  Size  Location     Type
                  1    wreg      void 
 Registers used:
		wreg, fsr0l, fsr0h, status,2, status,0
 Tracked objects:
		On entry : 
		On exit  : 
		Unchanged: 
 Data sizes:     COMMON   BANK0   BANK1   BANK3   BANK2
      Params:         0       0       0       0       0
      Locals:         1       0       0       0       0
      Temps:          2       0       0       0       0
      Totals:         3       0       0       0       0
Total ram usage:        3 bytes
 Hardware stack levels used:    1
 This function calls:
		Nothing
 This function is called by:
		_Interrupt
 This function uses a non-reentrant model



MODULE INFORMATION

Module		Function		Class		Link	Load	Size
lab2.c
		_ISR           		CODE           	02E7	0000	39
		_Interrupt     		CODE           	021E	0000	84
		_InitTimer0    		CODE           	030D	0000	14
		_main          		CODE           	0271	0000	60
		_adc           		CODE           	0323	0000	9
		_botones       		CODE           	02AC	0000	60

lab2.c estimated size: 266

7SEGMENTOS.c
		_SEG           		CODE           	0131	0000	238

7SEGMENTOS.c estimated size: 238

shared
		__initialization		CODE           	0011	0000	11

shared estimated size: 11

ADC.c
		_ADC_INTERRUPT 		CODE           	031A	0000	10
		_ADC_CONFIG    		CODE           	001F	0000	275

ADC.c estimated size: 285

